2023-02-15 14:51:02 INFO CHAT - ankit_anmol 613de0cfa242f211df630633 - ['wob', 'randompost']
2023-02-15 14:51:03 ERROR CHAT ERROR - Wob randompost
 DATA: {'from': {'name': 'ankit_anmol', 'id': '613de0cfa242f211df630633', 'bio': 'Creator of a python package!', 'verified': False, 'permissions': {'admin': False, 'banned': False}, 'beta': True, 'links': [], 'history': {'joined': 1631445199945}}, 'content': 'Wob randompost', 'time': '2023-02-15T14:51:02.876Z', 'type': 'chat'}
	Traceback (most recent call last):
	  File "main.py", line 233, in on_mesage
	    respond(data)
	  File "main.py", line 125, in respond
	    response = f"https://{beta}wasteof.money/posts/{api.random_post()['_id']}"
	TypeError: 'Response' object is not subscriptable
	
2023-02-15 14:51:48 INFO CHAT - ankit_anmol 613de0cfa242f211df630633 - ['wob', 'randompost']
2023-02-15 14:51:49 SUCCESS CHAT - Response sent to ankit_anmol 613de0cfa242f211df630633 with len 59
2023-02-15 15:05:36 INFO CHAT - ankit_anmol 613de0cfa242f211df630633 - ['wob']
2023-02-15 15:05:36 SUCCESS doc msg 410
2023-02-15 15:05:36 SUCCESS doc msg 532
2023-02-15 15:05:36 SUCCESS doc msg 202
2023-02-15 15:05:36 SUCCESS CHAT - Response sent to ankit_anmol 613de0cfa242f211df630633 with len 10
2023-02-15 15:05:52 INFO CHAT - ankit_anmol 613de0cfa242f211df630633 - ['wob']
2023-02-15 15:05:52 SUCCESS doc msg 410
2023-02-15 15:05:52 SUCCESS doc msg 532
2023-02-15 15:05:52 SUCCESS doc msg 202
2023-02-15 15:05:52 SUCCESS CHAT - Response sent to ankit_anmol 613de0cfa242f211df630633 with len 10
2023-02-15 15:59:15 INFO CHAT - ankit_anmol 613de0cfa242f211df630633 - ['wob']
2023-02-15 15:59:15 SUCCESS doc msg 286
2023-02-15 15:59:15 SUCCESS doc msg 452
2023-02-15 15:59:15 SUCCESS doc msg 413
2023-02-15 15:59:15 SUCCESS CHAT - Response sent to ankit_anmol 613de0cfa242f211df630633 with len 10
2023-02-16 06:42:07 INFO COMMAND - slider_on_the_black 62968db3597f53f60a61728c - ['@wasteof_bot', 'graph']
2023-02-16 06:42:09 SUCCESS COMMAND WALL - Response sent to slider_on_the_black 62968db3597f53f60a61728c
2023-02-16 10:31:56 INFO CHAT - ankit_anmol 613de0cfa242f211df630633 - ['wob']
2023-02-16 10:31:56 SUCCESS doc msg 463
2023-02-16 10:31:56 SUCCESS doc msg 413
2023-02-16 10:31:56 SUCCESS doc msg 195
2023-02-16 10:31:56 SUCCESS CHAT - Response sent to ankit_anmol 613de0cfa242f211df630633 with len 10
2023-02-16 10:34:07 INFO CHAT - ankit_anmol 613de0cfa242f211df630633 - ['wob']
2023-02-16 10:34:07 SUCCESS doc msg 407
2023-02-16 10:34:07 SUCCESS doc msg 532
2023-02-16 10:34:07 SUCCESS doc msg 202
2023-02-16 10:34:07 SUCCESS CHAT - Response sent to ankit_anmol 613de0cfa242f211df630633 with len 10
2023-02-16 11:17:10 INFO CHAT - ankit_anmol 613de0cfa242f211df630633 - ['wob']
2023-02-16 11:17:10 SUCCESS doc msg 407
2023-02-16 11:17:10 SUCCESS doc msg 323
2023-02-16 11:17:10 SUCCESS doc msg 423
2023-02-16 11:17:10 SUCCESS CHAT - Response sent to ankit_anmol 613de0cfa242f211df630633 with len 10
